Godot Engine v4.6.3.stable.official.7d41c59c4 - https://godotengine.org

[   0% ] [90m[1mfirst_scan_filesystem[22m | Started 專案初始化中 (5 steps)[39m[0m
[   0% ] [90m[1mfirst_scan_filesystem[22m | 正在掃描檔案結構…[39m[0m
[  16% ] [90m[1mfirst_scan_filesystem[22m | 載入全域類別名稱中…[39m[0m
[  33% ] [90m[1mfirst_scan_filesystem[22m | 正在驗證GD擴充功能...[39m[0m
[  50% ] [90m[1mfirst_scan_filesystem[22m | 正在建立自動載入腳本…[39m[0m
[  66% ] [90m[1mfirst_scan_filesystem[22m | 初始化外掛程式...[39m[0m
[  83% ] [90m[1mfirst_scan_filesystem[22m | 開始掃描檔案...[39m[0m
[92m[ DONE ][39m [1mfirst_scan_filesystem[22m
[0m
[   0% ] [90m[1mexport[22m | Started 正在為 macOS 匯出 (3 steps)[39m[0m
[   0% ] [90m[1mexport[22m | 正在建立應用程式套件[39m[0m
[  25% ] [90m[1mexport[22m | 正在製作 PKG[39m[0m
[   0% ] [90m[1msavepack[22m | Started 打包中 (102 steps)[39m[0m
[   1% ] [90m[1msavepack[22m | 儲存檔案：res://.godot/exported/133200997/export-3070c538c03ee49b7677ff960a3f5195-main.scn[39m[0m
[  12% ] [90m[1msavepack[22m | 儲存檔案：res://.godot/imported/icon.svg-56083ea2a1f1a4f1e49773bdc6d7826c.ctex[39m[0m
[  12% ] [90m[1msavepack[22m | 儲存檔案：res://assets/icon.svg.import[39m[0m
[  23% ] [90m[1msavepack[22m | 儲存檔案：res://.godot/imported/wetland.png-78130ad85566e489005b946200577cf2.ctex[39m[0m
[  23% ] [90m[1msavepack[22m | 儲存檔案：res://assets/wetland.png.import[39m[0m
[  33% ] [90m[1msavepack[22m | 儲存檔案：res://scripts/world_view.gdc[39m[0m
[  44% ] [90m[1msavepack[22m | 儲存檔案：res://data/species.json[39m[0m
[  55% ] [90m[1msavepack[22m | 儲存檔案：res://scripts/ecosystem.gdc[39m[0m
[  66% ] [90m[1msavepack[22m | 儲存檔案：res://scripts/main.gdc[39m[0m
[  76% ] [90m[1msavepack[22m | 儲存檔案：res://scripts/population_chart.gdc[39m[0m
[  87% ] [90m[1msavepack[22m | 儲存檔案：res://scripts/save_store.gdc[39m[0m
[  87% ] [90m[1msavepack[22m | 儲存檔案：res://main.tscn.remap[39m[0m
[  87% ] [90m[1msavepack[22m | 儲存檔案：res://scripts/world_view.gd.remap[39m[0m
[  87% ] [90m[1msavepack[22m | 儲存檔案：res://scripts/ecosystem.gd.remap[39m[0m
[  87% ] [90m[1msavepack[22m | 儲存檔案：res://scripts/main.gd.remap[39m[0m
[  87% ] [90m[1msavepack[22m | 儲存檔案：res://scripts/population_chart.gd.remap[39m[0m
[  87% ] [90m[1msavepack[22m | 儲存檔案：res://scripts/save_store.gd.remap[39m[0m
[  87% ] [90m[1msavepack[22m | 儲存檔案：res://.godot/global_script_class_cache.cfg[39m[0m
[  87% ] [90m[1msavepack[22m | 儲存檔案：res://assets/icon.svg[39m[0m
[  87% ] [90m[1msavepack[22m | 儲存檔案：res://.godot/uid_cache.bin[39m[0m
[  87% ] [90m[1msavepack[22m | 儲存檔案：res://project.binary[39m[0m
[92m[ DONE ][39m [1msavepack[22m
[0m
[  50% ] [90m[1mexport[22m | 程式碼簽名套件[39m[0m
[92m[ DONE ][39m [1mexport[22m
[0m
